
> perplexity-clone@0.1.0 build
> next build

Γû▓ Next.js 16.1.6 (Turbopack)

  Creating an optimized production build ...
node.exe : 
At line:1 char:1
+ & "C:\Program 
Files\nodejs/node.exe" 
"C:\Program 
Files\nodejs/node_mo ...
+ ~~~~~~~~~~~~~~~~~~~~~~~~~~~
~~~~~~~~~~~~~~~~~~~~~~~~~~~~~
~~~~~~~~~~~~~
    + CategoryInfo           
   : NotSpecified: (:String  
  ) [], RemoteException
    + FullyQualifiedErrorId  
   : NativeCommandError
 
> Build error occurred
Error: Turbopack build 
failed with 1 errors:
./src/app/page.tsx:2:1
Module not found: Can't 
resolve 'ai/react'
[0m [90m 1 |[39m 
[32m'use 
client'[39m[33m;[39m
[31m[1m>[22m[39m[90m 2 
|[39m [36mimport[39m { 
useChat } [36mfrom[39m [32
m'ai/react'[39m[33m;[39m
 [90m   |[39m [31m[1m^[2
2m[39m[31m[1m^[22m[39m[
31m[1m^[22m[39m[31m[1m^
[22m[39m[31m[1m^[22m[39m
[31m[1m^[22m[39m[31m[1m
^[22m[39m[31m[1m^[22m[3
9m[31m[1m^[22m[39m[31m[
1m^[22m[39m[31m[1m^[22m
[39m[31m[1m^[22m[39m[31m
[1m^[22m[39m[31m[1m^[22
m[39m[31m[1m^[22m[39m[3
1m[1m^[22m[39m[31m[1m^[
22m[39m[31m[1m^[22m[39m
[31m[1m^[22m[39m[31m[1m^
[22m[39m[31m[1m^[22m[39
m[31m[1m^[22m[39m[31m[1
m^[22m[39m[31m[1m^[22m[
39m[31m[1m^[22m[39m[31m
[1m^[22m[39m[31m[1m^[22m
[39m[31m[1m^[22m[39m[31
m[1m^[22m[39m[31m[1m^[2
2m[39m[31m[1m^[22m[39m[
31m[1m^[22m[39m[31m[1m^
[22m[39m[31m[1m^[22m[39m
[31m[1m^[22m[39m
 [90m 3 |[39m 
[36mimport[39m { 
[33mSearch[39m[33m,[39m 
[33mCompass[39m[33m,[39m 
[33mBookOpen[39m[33m,[39m
 [33mBrainCircuit[39m[33m,
[39m [33mGlobe[39m } 
[36mfrom[39m [32m'lucide-r
eact'[39m[33m;[39m
 [90m 4 |[39m 
[36mimport[39m { 
useEffect[33m,[39m useRef 
} [36mfrom[39m 
[32m'react'[39m[33m;[39m
 [90m 5 |[39m 
[36mimport[39m 
[33mReactMarkdown[39m 
[36mfrom[39m [32m'react-ma
rkdown'[39m[33m;[39m[0m



Import traces:
  Client Component Browser:
    ./src/app/page.tsx 
[Client Component Browser]
    ./src/app/page.tsx 
[Server Component]

  Client Component SSR:
    ./src/app/page.tsx 
[Client Component SSR]
    ./src/app/page.tsx 
[Server Component]

https://nextjs.org/docs/messa
ges/module-not-found


    at <unknown> 
(./src/app/page.tsx:2:1)
    at <unknown> (https://nex
tjs.org/docs/messages/module-
not-found)
